// Jest Snapshot v1, https://goo.gl/fbAQLP

exports[`<Description /> spec renders the component 1`] = `undefined`;
